// Jest Snapshot v1, https://goo.gl/fbAQLP

exports[`ProductImage Debe de mostarr el componente con la imagen producto 1`] = `
<div
  className="productCard  undefined"
>
  <img
    alt="Product"
    className="productImg undefined"
    src="./coffee-mug.png"
  />
</div>
`;

exports[`ProductImage debe de mostrar el componente correactamente con la imagen personalizado 1`] = `
<img
  alt="Product"
  className="productImg custom-class"
  src="https://hola.jpg"
/>
`;
